Test ID: 4
Test (3B): basic agreement ...
debug test log idx :  -1
debug test log idx :  -1
debug test log idx :  -1
debug test log idx :  -1
debug test log idx :  -1
debug test log idx :  1
debug test log idx :  2
debug test log idx :  3
  ... Passed --   1.0  3   18    4230    3
Test (3B): RPC byte count ...
debug test log idx :  -1
debug test log idx :  -1
debug test log idx :  -1
debug test log idx :  -1
debug test log idx :  1
debug test log idx :  2
debug test log idx :  3
debug test log idx :  4
debug test log idx :  5
debug test log idx :  6
debug test log idx :  7
debug test log idx :  8
debug test log idx :  9
debug test log idx :  10
debug test log idx :  11
  ... Passed --   2.9  3   48  112376   11
Test (3B): test progressive failure of followers ...
debug test log idx :  -1
debug test log idx :  -1
debug test log idx :  -1
debug test log idx :  -1
debug test log idx :  -1
debug test log idx :  1
debug one1
debug disconnect  1
debug test log idx :  2
debug test log idx :  3
debug disconnect  1
debug disconnect  2
  ... Passed --   4.8  3  122   22392    3
Test (3B): test failure of leaders ...
debug test log idx :  -1
debug test log idx :  -1
debug test log idx :  -1
debug test log idx :  -1
debug test log idx :  -1
debug test log idx :  1
debug disconnect 0
debug test log idx :  -1
debug test log idx :  -1
debug test log idx :  -1
debug test log idx :  -1
debug test log idx :  2
debug test log idx :  3
debug disconnect 2
  ... Passed --   5.1  3  164   33404    3
Test (3B): agreement after follower reconnects ...
debug test log idx :  -1
debug test log idx :  -1
debug test log idx :  -1
debug test log idx :  -1
debug test log idx :  -1
debug test log idx :  1
debug test log idx :  2
debug test log idx :  3
debug test log idx :  4
debug test log idx :  5
debug test log idx :  6
debug test log idx :  6
debug test log idx :  7
  ... Passed --   6.4  3  124   27884    7
Test (3B): no agreement if too many followers disconnect ...
debug test log idx :  -1
debug test log idx :  -1
debug test log idx :  -1
debug test log idx :  -1
debug test log idx :  1
debug test log idx :  3
  ... Passed --   3.6  5  216   37758    3
Test (3B): concurrent Start()s ...
signal: interrupt
FAIL	6.5840/raft	24.928s
